TIDENTIFIER, value
TASSIGN, =
TF64VAL, 5
TPRINT, print
TIDENTIFIER, value
TIDENTIFIER, value
TASSIGN, =
TIDENTIFIER, value
TPRINT, print
TIDENTIFIER, value
TIDENTIFIER, รณ
